/work/git/ComputationalCardioception/.venv/lib/python3.12/site-packages/pytensor/link/c/cmodule.py:2968: UserWarning: PyTensor could not link to a BLAS installation. Operations that might benefit from BLAS will be severely degraded.
This usually happens when PyTensor is installed via pip. We recommend it be installed via conda/mamba/pixi instead.
Alternatively, you can use an experimental backend such as Numba or JAX that perform their own BLAS optimizations, by setting `pytensor.config.mode == 'NUMBA'` or passing `mode='NUMBA'` when compiling a PyTensor function.
For more options and details see https://pytensor.readthedocs.io/en/latest/troubleshooting.html#how-do-i-configure-test-my-blas-library
  warnings.warn(
Number of participants: 218
Running Bayesian psychophysics model...
Keeping only the variables of interest...
Computing log-likelihood...
Computing ... ━━━━━━━━━━━━━━━━━━━━━━━━━━━━━━━━━━━━━━━━ 100% 0:00:00
Saving the samples...
Running shared perceptive noise model...
Keeping only the variables of interest...
Computing log-likelihood...
Computing ... ━━━━━━━━━━━━━━━━━━━━━━━━━━━━━━━━━━━━━━━━ 100% 0:00:00
Saving the samples...
Running weighted Bayesian update model...
Keeping only the variables of interest for weighted update model...
Computing log-likelihood for weighted update model...
Computing ... ━━━━━━━━━━━━━━━━━━━━━━━━━━━━━━━━━━━━━━━━ 100% 0:00:00
Saving the samples for weighted update model...
Completed all models and saved the summary dataframe.
